// Jest Snapshot v1, https://goo.gl/fbAQLP

exports[`StartFlowComp render should render flow name 1`] = `
<Fragment>
  <div
    className="nodeAsset"
    key="da795777-db05-438c-a24a-1880b7f7a95f"
  >
    <span
      className="nodeLabel fe-split"
    />
    Colors
  </div>
</Fragment>
`;
