// Jest Snapshot v1, https://goo.gl/fbAQLP

exports[`SendMsgComp render should render placeholder when text prop isn't passed 1`] = `
<div
  className="placeholder"
>
  Send a message to the contact
</div>
`;

exports[`SendMsgComp render should render text prop when passed 1`] = `
<Fragment>
  <div>
    Hey!
  </div>
</Fragment>
`;
